Started by user Rahul Verma
Running as SYSTEM
Building on ci-agent-gcp-03 (linux docker chrome) in workspace /var/lib/jenkins/workspace/vwo-selenium-regression
Checking out Revision 4b7e0d1c9a2f6e3b8d5c0a7f1e4b9d2c6a3f8e5b (refs/remotes/origin/main)
Commit message: "Enable RetryAnalyzer + ScreenshotListener (part 5) after NAT IP allowlist"
[Pipeline] Start of Pipeline
[Pipeline] { (Checkout)
[Pipeline] }
[Pipeline] { (Build)
[2026-04-08T09:40:12.551Z] [INFO] BUILD SUCCESS
[Pipeline] }
[Pipeline] { (Selenium Regression)
[2026-04-08T09:40:13.020Z] + mvn -B test -Dsurefire.suiteXmlFiles=testng_vwo_takescreenshot_retry_prop_improved_pom_part5.xml -Dbrowser=chrome -Dheadless=true
[2026-04-08T09:40:16.112Z] [INFO] Running TestSuite
[2026-04-08T09:40:21.904Z] PASSED: com.thetestingacademy.tests.vwo.pageObjectModelTC.TestVWOLogin_05_TakeScreen_Retry_Prop_Improved_POM.test_negative_vwo_login
[2026-04-08T09:40:47.660Z] 2026-04-08 09:40:47 WARN  RetryListener - Retrying testLoginPositiveVWO (attempt 1 of 3): TimeoutException waiting for //h6
[2026-04-08T09:40:47.661Z] SKIPPED: com.thetestingacademy.tests.vwo.pageObjectModelTC.TestVWOLogin_05_TakeScreen_Retry_Prop_Improved_POM.testLoginPositiveVWO
[2026-04-08T09:40:47.661Z] org.openqa.selenium.TimeoutException: Expected condition failed: waiting for visibility of element located by By.xpath: //h6 (tried for 20 second(s) with 500 milliseconds interval)
[2026-04-08T09:40:47.662Z] 	at com.thetestingacademy.utils.WaitHelpers.visibilityOfElement(WaitHelpers.java:76)
[2026-04-08T09:40:47.662Z] 	at com.thetestingacademy.pages.pageObjectModel.vwo.improved_POM.DashBoardPage.loggedInUserName(DashBoardPage.java:20)
[2026-04-08T09:40:58.317Z] 2026-04-08 09:40:58 INFO  TestVWOLogin_05_TakeScreen_Retry_Prop_Improved_POM - Done the Test cases
[2026-04-08T09:40:58.318Z] PASSED: com.thetestingacademy.tests.vwo.pageObjectModelTC.TestVWOLogin_05_TakeScreen_Retry_Prop_Improved_POM.testLoginPositiveVWO
[2026-04-08T09:40:58.900Z] ===============================================
[2026-04-08T09:40:58.900Z]     ATB13xSeleniumAdvanceFramework
[2026-04-08T09:40:58.900Z]     Tests run: 3, Failures: 0, Skips: 1
[2026-04-08T09:40:58.900Z] ===============================================
[2026-04-08T09:40:59.020Z] [WARNING] Tests run: 3, Failures: 0, Errors: 0, Skipped: 1, Time elapsed: 42.88 s - in TestSuite
[2026-04-08T09:40:59.110Z] [INFO] BUILD SUCCESS
[Pipeline] }
[Pipeline] { (Publish Allure)
[2026-04-08T09:41:00.210Z] allure-results: 3 results, 0 failed, 1 retried (flaky)
[Pipeline] }
[Pipeline] End of Pipeline
Finished: SUCCESS
